// Jest Snapshot v1, https://goo.gl/fbAQLP

exports[`should render Header correctly 1`] = `
<nav
  className="navbar"
>
  <div
    className="container is-fluid"
  >
    <div
      className="navbar-brand"
    >
      <NavLink
        activeClassName="is-active"
        className="giovanna-headericon"
        to="/"
      >
        <img
          alt="crab"
          src="/images/crabico.png"
        />
      </NavLink>
      <span
        className="navbar-burger burger "
        data-target="navbarMenuHeroC"
        onClick={[Function]}
      >
        <span />
        <span />
        <span />
      </span>
    </div>
    <div
      className="navbar-menu "
      id="navbarMenuHeroC"
    >
      <div
        className="navbar-end show-for-desktop"
      >
        <div
          className="navbar-item is-hidden-desktop-only"
        />
        <div
          className="navbar-item is-hidden-desktop-only"
        />
        <div
          className="navbar-item is-hidden-desktop-only"
        />
      </div>
      <div
        className="navbar-end show-for-mobile"
      >
        <div
          className="navbar-item"
        >
          <NavLink
            activeClassName="is-active"
            className="giovanna-navbar-item"
            onClick={[Function]}
            to="/works"
          >
            works
          </NavLink>
        </div>
        <div
          className="navbar-item"
        >
          <NavLink
            activeClassName="is-active"
            className="giovanna-navbar-item"
            onClick={[Function]}
            to="/about"
          >
            about
          </NavLink>
        </div>
      </div>
    </div>
  </div>
</nav>
`;
